// Jest Snapshot v1, https://goo.gl/fbAQLP

exports[`Display component renders Display 1`] = `
<DocumentFragment>
  <p>
    http://test.com - test
  </p>
</DocumentFragment>
`;
