// Jest Snapshot v1, https://goo.gl/fbAQLP

exports[`ShortForm component renders ShortForm 1`] = `
<DocumentFragment>
  <form
    class="ShortForm"
  >
    <input
      type="text"
      value="http://test.com"
    />
    <button>
      Submit
    </button>
  </form>
</DocumentFragment>
`;
